2026-09-14 17:06:53.847 INFO  [main] c.e.l.SpringBootLoggingDemoApplication - Starting SpringBootLoggingDemoApplication using Java 26.0.1 with PID 10624 (C:\Users\User\Documents\java_project\logging_monitoring\spring-boot-logging-demo\target\classes started by User in C:\Users\User\Documents\java_project\logging_monitoring\spring-boot-logging-demo)
2026-09-14 17:06:53.849 DEBUG [main] c.e.l.SpringBootLoggingDemoApplication - Running with Spring Boot v4.1.1, Spring v7.0.9
2026-09-14 17:06:53.850 INFO  [main] c.e.l.SpringBootLoggingDemoApplication - No active profile set, falling back to 1 default profile: "default"
2026-09-14 17:06:54.887 INFO  [main] o.s.boot.tomcat.TomcatWebServer - Tomcat initialized with port 8082 (http)
2026-09-14 17:06:54.899 INFO  [main] o.a.coyote.http11.Http11NioProtocol - Initializing ProtocolHandler ["http-nio-8082"]
2026-09-14 17:06:54.901 INFO  [main] o.a.catalina.core.StandardService - Starting service [Tomcat]
2026-09-14 17:06:54.902 INFO  [main] o.a.catalina.core.StandardEngine - Starting Servlet engine: [Apache Tomcat/11.0.24]
2026-09-14 17:06:54.970 INFO  [main] o.s.b.w.c.s.WebApplicationContextInitializer - Root WebApplicationContext: initialization completed in 1063 ms
2026-09-14 17:06:55.308 INFO  [main] o.a.coyote.http11.Http11NioProtocol - Starting ProtocolHandler ["http-nio-8082"]
2026-09-14 17:06:55.331 INFO  [main] o.s.boot.tomcat.TomcatWebServer - Tomcat started on port 8082 (http) with context path '/'
2026-09-14 17:06:55.337 INFO  [main] c.e.l.SpringBootLoggingDemoApplication - Started SpringBootLoggingDemoApplication in 2.09 seconds (process running for 2.664)
2026-09-14 17:07:03.216 INFO  [http-nio-8082-exec-1] o.a.c.c.C.[Tomcat].[localhost].[/] - Initializing Spring DispatcherServlet 'dispatcherServlet'
2026-09-14 17:07:03.217 INFO  [http-nio-8082-exec-1] o.s.web.servlet.DispatcherServlet - Initializing Servlet 'dispatcherServlet'
2026-09-14 17:07:03.219 INFO  [http-nio-8082-exec-1] o.s.web.servlet.DispatcherServlet - Completed initialization in 2 ms
2026-09-14 17:07:03.353 INFO  [http-nio-8082-exec-1] c.e.l.controller.UserController - Received request to get User. name=manick
2026-09-14 17:07:03.359 DEBUG [http-nio-8082-exec-1] c.e.loggingdemo.service.UserService - DEBUG message
2026-09-14 17:07:03.361 INFO  [http-nio-8082-exec-1] c.e.loggingdemo.service.UserService - INFO message
2026-09-14 17:07:03.364 WARN  [http-nio-8082-exec-1] c.e.loggingdemo.service.UserService - WARN message
2026-09-14 17:07:03.371 ERROR [http-nio-8082-exec-1] c.e.loggingdemo.service.UserService - ERROR message
2026-09-14 17:11:56.939 INFO  [SpringApplicationShutdownHook] o.s.boot.tomcat.GracefulShutdown - Commencing graceful shutdown. Waiting for active requests to complete
2026-09-14 17:11:56.947 INFO  [tomcat-shutdown] o.s.boot.tomcat.GracefulShutdown - Graceful shutdown complete
2026-09-14 17:26:56.274 INFO  [main] c.e.l.SpringBootLoggingDemoApplication - Starting SpringBootLoggingDemoApplication using Java 26.0.1 with PID 23008 (C:\Users\User\Documents\java_project\logging_monitoring\spring-boot-logging-demo\target\classes started by User in C:\Users\User\Documents\java_project\logging_monitoring\spring-boot-logging-demo)
2026-09-14 17:26:56.276 DEBUG [main] c.e.l.SpringBootLoggingDemoApplication - Running with Spring Boot v4.1.1, Spring v7.0.9
2026-09-14 17:26:56.278 INFO  [main] c.e.l.SpringBootLoggingDemoApplication - No active profile set, falling back to 1 default profile: "default"
2026-09-14 17:26:57.282 INFO  [main] o.s.boot.tomcat.TomcatWebServer - Tomcat initialized with port 8082 (http)
2026-09-14 17:26:57.299 INFO  [main] o.a.coyote.http11.Http11NioProtocol - Initializing ProtocolHandler ["http-nio-8082"]
2026-09-14 17:26:57.301 INFO  [main] o.a.catalina.core.StandardService - Starting service [Tomcat]
2026-09-14 17:26:57.302 INFO  [main] o.a.catalina.core.StandardEngine - Starting Servlet engine: [Apache Tomcat/11.0.24]
2026-09-14 17:26:57.358 INFO  [main] o.s.b.w.c.s.WebApplicationContextInitializer - Root WebApplicationContext: initialization completed in 1028 ms
2026-09-14 17:26:57.689 INFO  [main] o.a.coyote.http11.Http11NioProtocol - Starting ProtocolHandler ["http-nio-8082"]
2026-09-14 17:26:57.712 INFO  [main] o.s.boot.tomcat.TomcatWebServer - Tomcat started on port 8082 (http) with context path '/'
2026-09-14 17:26:57.716 INFO  [main] c.e.l.SpringBootLoggingDemoApplication - Started SpringBootLoggingDemoApplication in 2.093 seconds (process running for 2.7)
2026-09-14 17:27:10.865 INFO  [http-nio-8082-exec-1] o.a.c.c.C.[Tomcat].[localhost].[/] - Initializing Spring DispatcherServlet 'dispatcherServlet'
2026-09-14 17:27:10.865 INFO  [http-nio-8082-exec-1] o.s.web.servlet.DispatcherServlet - Initializing Servlet 'dispatcherServlet'
2026-09-14 17:27:10.867 INFO  [http-nio-8082-exec-1] o.s.web.servlet.DispatcherServlet - Completed initialization in 1 ms
2026-09-14 17:27:10.944 INFO  [http-nio-8082-exec-1] c.e.l.controller.UserController - Received request to get User. name=manick
2026-09-14 17:27:10.946 DEBUG [http-nio-8082-exec-1] c.e.loggingdemo.service.UserService - DEBUG message
2026-09-14 17:27:10.946 INFO  [http-nio-8082-exec-1] c.e.loggingdemo.service.UserService - INFO message
2026-09-14 17:27:10.947 WARN  [http-nio-8082-exec-1] c.e.loggingdemo.service.UserService - WARN message
2026-09-14 17:27:10.947 ERROR [http-nio-8082-exec-1] c.e.loggingdemo.service.UserService - ERROR message
