{"@timestamp":"2026-09-15T14:11:37.4119301+05:30","@version":"1","message":"Starting SpringBootLoggingDemoApplication using Java 26.0.1 with PID 6820 (C:\\Users\\User\\Documents\\java_project\\logging_monitoring\\spring-boot-logging-demo\\target\\classes started by User in C:\\Users\\User\\Documents\\java_project\\logging_monitoring\\spring-boot-logging-demo)","logger_name":"com.example.loggingdemo.SpringBootLoggingDemoApplication","thread_name":"main","level":"INFO","level_value":20000,"tags":["COMMONS-LOGGING"]}
{"@timestamp":"2026-09-15T14:11:37.4500167+05:30","@version":"1","message":"Running with Spring Boot v4.1.1, Spring v7.0.9","logger_name":"com.example.loggingdemo.SpringBootLoggingDemoApplication","thread_name":"main","level":"DEBUG","level_value":10000,"tags":["COMMONS-LOGGING"]}
{"@timestamp":"2026-09-15T14:11:37.4528252+05:30","@version":"1","message":"No active profile set, falling back to 1 default profile: \"default\"","logger_name":"com.example.loggingdemo.SpringBootLoggingDemoApplication","thread_name":"main","level":"INFO","level_value":20000,"tags":["COMMONS-LOGGING"]}
{"@timestamp":"2026-09-15T14:11:39.0751141+05:30","@version":"1","message":"Tomcat initialized with port 8082 (http)","logger_name":"org.springframework.boot.tomcat.TomcatWebServer","thread_name":"main","level":"INFO","level_value":20000,"tags":["COMMONS-LOGGING"]}
{"@timestamp":"2026-09-15T14:11:39.1009951+05:30","@version":"1","message":"Initializing ProtocolHandler [\"http-nio-8082\"]","logger_name":"org.apache.coyote.http11.Http11NioProtocol","thread_name":"main","level":"INFO","level_value":20000}
{"@timestamp":"2026-09-15T14:11:39.1064371+05:30","@version":"1","message":"Starting service [Tomcat]","logger_name":"org.apache.catalina.core.StandardService","thread_name":"main","level":"INFO","level_value":20000}
{"@timestamp":"2026-09-15T14:11:39.1074395+05:30","@version":"1","message":"Starting Servlet engine: [Apache Tomcat/11.0.24]","logger_name":"org.apache.catalina.core.StandardEngine","thread_name":"main","level":"INFO","level_value":20000}
{"@timestamp":"2026-09-15T14:11:39.2200772+05:30","@version":"1","message":"Root WebApplicationContext: initialization completed in 1603 ms","logger_name":"org.springframework.boot.web.context.servlet.WebApplicationContextInitializer","thread_name":"main","level":"INFO","level_value":20000,"tags":["COMMONS-LOGGING"]}
{"@timestamp":"2026-09-15T14:11:39.2760017+05:30","@version":"1","message":"Filter 'correlationIdFilter' configured for use","logger_name":"com.example.loggingdemo.filter.CorrelationIdFilter","thread_name":"main","level":"DEBUG","level_value":10000,"tags":["COMMONS-LOGGING"]}
{"@timestamp":"2026-09-15T14:11:39.7098867+05:30","@version":"1","message":"Starting ProtocolHandler [\"http-nio-8082\"]","logger_name":"org.apache.coyote.http11.Http11NioProtocol","thread_name":"main","level":"INFO","level_value":20000}
{"@timestamp":"2026-09-15T14:11:39.7320498+05:30","@version":"1","message":"Tomcat started on port 8082 (http) with context path '/'","logger_name":"org.springframework.boot.tomcat.TomcatWebServer","thread_name":"main","level":"INFO","level_value":20000,"tags":["COMMONS-LOGGING"]}
{"@timestamp":"2026-09-15T14:11:39.7360488+05:30","@version":"1","message":"Started SpringBootLoggingDemoApplication in 4.098 seconds (process running for 4.886)","logger_name":"com.example.loggingdemo.SpringBootLoggingDemoApplication","thread_name":"main","level":"INFO","level_value":20000,"tags":["COMMONS-LOGGING"]}
{"@timestamp":"2026-09-15T14:11:55.9587075+05:30","@version":"1","message":"Initializing Spring DispatcherServlet 'dispatcherServlet'","logger_name":"org.apache.catalina.core.ContainerBase.[Tomcat].[localhost].[/]","thread_name":"http-nio-8082-exec-1","level":"INFO","level_value":20000}
{"@timestamp":"2026-09-15T14:11:55.9598075+05:30","@version":"1","message":"Initializing Servlet 'dispatcherServlet'","logger_name":"org.springframework.web.servlet.DispatcherServlet","thread_name":"http-nio-8082-exec-1","level":"INFO","level_value":20000,"tags":["COMMONS-LOGGING"]}
{"@timestamp":"2026-09-15T14:11:55.9617646+05:30","@version":"1","message":"Completed initialization in 2 ms","logger_name":"org.springframework.web.servlet.DispatcherServlet","thread_name":"http-nio-8082-exec-1","level":"INFO","level_value":20000,"tags":["COMMONS-LOGGING"]}
{"@timestamp":"2026-09-15T14:11:56.0477033+05:30","@version":"1","message":"Received request to get User. name=manick","logger_name":"com.example.loggingdemo.controller.UserController","thread_name":"http-nio-8082-exec-1","level":"INFO","level_value":20000,"correlationId":"ec8e4940-5441-44ce-b930-beb62c898622"}
{"@timestamp":"2026-09-15T14:11:56.0620429+05:30","@version":"1","message":"DEBUG message","logger_name":"com.example.loggingdemo.service.UserService","thread_name":"http-nio-8082-exec-1","level":"DEBUG","level_value":10000,"correlationId":"ec8e4940-5441-44ce-b930-beb62c898622"}
{"@timestamp":"2026-09-15T14:11:56.0630428+05:30","@version":"1","message":"INFO message","logger_name":"com.example.loggingdemo.service.UserService","thread_name":"http-nio-8082-exec-1","level":"INFO","level_value":20000,"correlationId":"ec8e4940-5441-44ce-b930-beb62c898622"}
{"@timestamp":"2026-09-15T14:11:56.0630428+05:30","@version":"1","message":"WARN message","logger_name":"com.example.loggingdemo.service.UserService","thread_name":"http-nio-8082-exec-1","level":"WARN","level_value":30000,"correlationId":"ec8e4940-5441-44ce-b930-beb62c898622"}
{"@timestamp":"2026-09-15T14:11:56.0640375+05:30","@version":"1","message":"ERROR message","logger_name":"com.example.loggingdemo.service.UserService","thread_name":"http-nio-8082-exec-1","level":"ERROR","level_value":40000,"correlationId":"ec8e4940-5441-44ce-b930-beb62c898622"}
{"@timestamp":"2026-09-15T14:14:13.3513663+05:30","@version":"1","message":"Received request to get User. name=manick","logger_name":"com.example.loggingdemo.controller.UserController","thread_name":"http-nio-8082-exec-4","level":"INFO","level_value":20000,"correlationId":"2c834245-ca7a-44ad-81b1-e1e75d0cae26"}
{"@timestamp":"2026-09-15T14:14:13.3543653+05:30","@version":"1","message":"DEBUG message","logger_name":"com.example.loggingdemo.service.UserService","thread_name":"http-nio-8082-exec-4","level":"DEBUG","level_value":10000,"correlationId":"2c834245-ca7a-44ad-81b1-e1e75d0cae26"}
{"@timestamp":"2026-09-15T14:14:13.3543653+05:30","@version":"1","message":"INFO message","logger_name":"com.example.loggingdemo.service.UserService","thread_name":"http-nio-8082-exec-4","level":"INFO","level_value":20000,"correlationId":"2c834245-ca7a-44ad-81b1-e1e75d0cae26"}
{"@timestamp":"2026-09-15T14:14:13.3548784+05:30","@version":"1","message":"WARN message","logger_name":"com.example.loggingdemo.service.UserService","thread_name":"http-nio-8082-exec-4","level":"WARN","level_value":30000,"correlationId":"2c834245-ca7a-44ad-81b1-e1e75d0cae26"}
{"@timestamp":"2026-09-15T14:14:13.3548784+05:30","@version":"1","message":"ERROR message","logger_name":"com.example.loggingdemo.service.UserService","thread_name":"http-nio-8082-exec-4","level":"ERROR","level_value":40000,"correlationId":"2c834245-ca7a-44ad-81b1-e1e75d0cae26"}
{"@timestamp":"2026-09-15T14:15:13.0047578+05:30","@version":"1","message":"Received request to get User. name=manick","logger_name":"com.example.loggingdemo.controller.UserController","thread_name":"http-nio-8082-exec-5","level":"INFO","level_value":20000,"correlationId":"b8b5a7c9-0e86-4d44-893e-a6879432328b"}
{"@timestamp":"2026-09-15T14:15:13.0077564+05:30","@version":"1","message":"DEBUG message","logger_name":"com.example.loggingdemo.service.UserService","thread_name":"http-nio-8082-exec-5","level":"DEBUG","level_value":10000,"correlationId":"b8b5a7c9-0e86-4d44-893e-a6879432328b"}
{"@timestamp":"2026-09-15T14:15:13.0088317+05:30","@version":"1","message":"INFO message","logger_name":"com.example.loggingdemo.service.UserService","thread_name":"http-nio-8082-exec-5","level":"INFO","level_value":20000,"correlationId":"b8b5a7c9-0e86-4d44-893e-a6879432328b"}
{"@timestamp":"2026-09-15T14:15:13.0099333+05:30","@version":"1","message":"WARN message","logger_name":"com.example.loggingdemo.service.UserService","thread_name":"http-nio-8082-exec-5","level":"WARN","level_value":30000,"correlationId":"b8b5a7c9-0e86-4d44-893e-a6879432328b"}
{"@timestamp":"2026-09-15T14:15:13.0108807+05:30","@version":"1","message":"ERROR message","logger_name":"com.example.loggingdemo.service.UserService","thread_name":"http-nio-8082-exec-5","level":"ERROR","level_value":40000,"correlationId":"b8b5a7c9-0e86-4d44-893e-a6879432328b"}
{"@timestamp":"2026-09-15T15:15:47.1916539+05:30","@version":"1","message":"Commencing graceful shutdown. Waiting for active requests to complete","logger_name":"org.springframework.boot.tomcat.GracefulShutdown","thread_name":"SpringApplicationShutdownHook","level":"INFO","level_value":20000,"tags":["COMMONS-LOGGING"]}
{"@timestamp":"2026-09-15T15:15:47.2026321+05:30","@version":"1","message":"Graceful shutdown complete","logger_name":"org.springframework.boot.tomcat.GracefulShutdown","thread_name":"tomcat-shutdown","level":"INFO","level_value":20000,"tags":["COMMONS-LOGGING"]}
{"@timestamp":"2026-09-15T15:26:00.9433706+05:30","@version":"1","message":"Starting SpringBootLoggingDemoApplication using Java 26.0.1 with PID 23796 (C:\\Users\\User\\Documents\\java_project\\logging_monitoring\\spring-boot-logging-demo\\target\\classes started by User in C:\\Users\\User\\Documents\\java_project\\logging_monitoring\\spring-boot-logging-demo)","logger_name":"com.example.loggingdemo.SpringBootLoggingDemoApplication","thread_name":"main","level":"INFO","level_value":20000,"tags":["COMMONS-LOGGING"]}
{"@timestamp":"2026-09-15T15:26:00.9713361+05:30","@version":"1","message":"Running with Spring Boot v4.1.1, Spring v7.0.9","logger_name":"com.example.loggingdemo.SpringBootLoggingDemoApplication","thread_name":"main","level":"DEBUG","level_value":10000,"tags":["COMMONS-LOGGING"]}
{"@timestamp":"2026-09-15T15:26:00.9723312+05:30","@version":"1","message":"No active profile set, falling back to 1 default profile: \"default\"","logger_name":"com.example.loggingdemo.SpringBootLoggingDemoApplication","thread_name":"main","level":"INFO","level_value":20000,"tags":["COMMONS-LOGGING"]}
{"@timestamp":"2026-09-15T15:26:02.4476073+05:30","@version":"1","message":"Tomcat initialized with port 8082 (http)","logger_name":"org.springframework.boot.tomcat.TomcatWebServer","thread_name":"main","level":"INFO","level_value":20000,"tags":["COMMONS-LOGGING"]}
{"@timestamp":"2026-09-15T15:26:02.4665677+05:30","@version":"1","message":"Initializing ProtocolHandler [\"http-nio-8082\"]","logger_name":"org.apache.coyote.http11.Http11NioProtocol","thread_name":"main","level":"INFO","level_value":20000}
{"@timestamp":"2026-09-15T15:26:02.4688885+05:30","@version":"1","message":"Starting service [Tomcat]","logger_name":"org.apache.catalina.core.StandardService","thread_name":"main","level":"INFO","level_value":20000}
{"@timestamp":"2026-09-15T15:26:02.4694643+05:30","@version":"1","message":"Starting Servlet engine: [Apache Tomcat/11.0.24]","logger_name":"org.apache.catalina.core.StandardEngine","thread_name":"main","level":"INFO","level_value":20000}
{"@timestamp":"2026-09-15T15:26:02.5813177+05:30","@version":"1","message":"Root WebApplicationContext: initialization completed in 1525 ms","logger_name":"org.springframework.boot.web.context.servlet.WebApplicationContextInitializer","thread_name":"main","level":"INFO","level_value":20000,"tags":["COMMONS-LOGGING"]}
{"@timestamp":"2026-09-15T15:26:02.8213747+05:30","@version":"1","message":"Filter 'correlationIdFilter' configured for use","logger_name":"com.example.loggingdemo.filter.CorrelationIdFilter","thread_name":"main","level":"DEBUG","level_value":10000,"tags":["COMMONS-LOGGING"]}
{"@timestamp":"2026-09-15T15:26:03.6193316+05:30","@version":"1","message":"Exposing 3 endpoints beneath base path '/actuator'","logger_name":"org.springframework.boot.actuate.endpoint.web.EndpointLinksResolver","thread_name":"main","level":"INFO","level_value":20000,"tags":["COMMONS-LOGGING"]}
{"@timestamp":"2026-09-15T15:26:03.6991645+05:30","@version":"1","message":"Starting ProtocolHandler [\"http-nio-8082\"]","logger_name":"org.apache.coyote.http11.Http11NioProtocol","thread_name":"main","level":"INFO","level_value":20000}
{"@timestamp":"2026-09-15T15:26:03.7272116+05:30","@version":"1","message":"Tomcat started on port 8082 (http) with context path '/'","logger_name":"org.springframework.boot.tomcat.TomcatWebServer","thread_name":"main","level":"INFO","level_value":20000,"tags":["COMMONS-LOGGING"]}
{"@timestamp":"2026-09-15T15:26:03.7363601+05:30","@version":"1","message":"Started SpringBootLoggingDemoApplication in 4.251 seconds (process running for 5.019)","logger_name":"com.example.loggingdemo.SpringBootLoggingDemoApplication","thread_name":"main","level":"INFO","level_value":20000,"tags":["COMMONS-LOGGING"]}
{"@timestamp":"2026-09-15T15:26:18.5665083+05:30","@version":"1","message":"Initializing Spring DispatcherServlet 'dispatcherServlet'","logger_name":"org.apache.catalina.core.ContainerBase.[Tomcat].[localhost].[/]","thread_name":"http-nio-8082-exec-1","level":"INFO","level_value":20000}
{"@timestamp":"2026-09-15T15:26:18.5675087+05:30","@version":"1","message":"Initializing Servlet 'dispatcherServlet'","logger_name":"org.springframework.web.servlet.DispatcherServlet","thread_name":"http-nio-8082-exec-1","level":"INFO","level_value":20000,"tags":["COMMONS-LOGGING"]}
{"@timestamp":"2026-09-15T15:26:18.5685172+05:30","@version":"1","message":"Completed initialization in 1 ms","logger_name":"org.springframework.web.servlet.DispatcherServlet","thread_name":"http-nio-8082-exec-1","level":"INFO","level_value":20000,"tags":["COMMONS-LOGGING"]}
{"@timestamp":"2026-09-15T16:13:57.2522666+05:30","@version":"1","message":"Commencing graceful shutdown. Waiting for active requests to complete","logger_name":"org.springframework.boot.tomcat.GracefulShutdown","thread_name":"SpringApplicationShutdownHook","level":"INFO","level_value":20000,"tags":["COMMONS-LOGGING"]}
{"@timestamp":"2026-09-15T16:13:57.2657391+05:30","@version":"1","message":"Graceful shutdown complete","logger_name":"org.springframework.boot.tomcat.GracefulShutdown","thread_name":"tomcat-shutdown","level":"INFO","level_value":20000,"tags":["COMMONS-LOGGING"]}
{"@timestamp":"2026-09-15T16:32:56.754897+05:30","@version":"1","message":"Starting SpringBootLoggingDemoApplication using Java 26.0.1 with PID 22296 (C:\\Users\\User\\Documents\\java_project\\logging_monitoring\\spring-boot-logging-demo\\target\\classes started by User in C:\\Users\\User\\Documents\\java_project\\logging_monitoring\\spring-boot-logging-demo)","logger_name":"com.example.loggingdemo.SpringBootLoggingDemoApplication","thread_name":"main","level":"INFO","level_value":20000,"tags":["COMMONS-LOGGING"]}
{"@timestamp":"2026-09-15T16:32:56.7718947+05:30","@version":"1","message":"Running with Spring Boot v4.1.1, Spring v7.0.9","logger_name":"com.example.loggingdemo.SpringBootLoggingDemoApplication","thread_name":"main","level":"DEBUG","level_value":10000,"tags":["COMMONS-LOGGING"]}
{"@timestamp":"2026-09-15T16:32:56.7728938+05:30","@version":"1","message":"No active profile set, falling back to 1 default profile: \"default\"","logger_name":"com.example.loggingdemo.SpringBootLoggingDemoApplication","thread_name":"main","level":"INFO","level_value":20000,"tags":["COMMONS-LOGGING"]}
{"@timestamp":"2026-09-15T16:32:58.0783677+05:30","@version":"1","message":"Tomcat initialized with port 8082 (http)","logger_name":"org.springframework.boot.tomcat.TomcatWebServer","thread_name":"main","level":"INFO","level_value":20000,"tags":["COMMONS-LOGGING"]}
{"@timestamp":"2026-09-15T16:32:58.0925679+05:30","@version":"1","message":"Initializing ProtocolHandler [\"http-nio-8082\"]","logger_name":"org.apache.coyote.http11.Http11NioProtocol","thread_name":"main","level":"INFO","level_value":20000}
{"@timestamp":"2026-09-15T16:32:58.0945675+05:30","@version":"1","message":"Starting service [Tomcat]","logger_name":"org.apache.catalina.core.StandardService","thread_name":"main","level":"INFO","level_value":20000}
{"@timestamp":"2026-09-15T16:32:58.0945675+05:30","@version":"1","message":"Starting Servlet engine: [Apache Tomcat/11.0.24]","logger_name":"org.apache.catalina.core.StandardEngine","thread_name":"main","level":"INFO","level_value":20000}
{"@timestamp":"2026-09-15T16:32:58.1636947+05:30","@version":"1","message":"Root WebApplicationContext: initialization completed in 1336 ms","logger_name":"org.springframework.boot.web.context.servlet.WebApplicationContextInitializer","thread_name":"main","level":"INFO","level_value":20000,"tags":["COMMONS-LOGGING"]}
{"@timestamp":"2026-09-15T16:32:58.3170276+05:30","@version":"1","message":"Filter 'correlationIdFilter' configured for use","logger_name":"com.example.loggingdemo.filter.CorrelationIdFilter","thread_name":"main","level":"DEBUG","level_value":10000,"tags":["COMMONS-LOGGING"]}
{"@timestamp":"2026-09-15T16:32:58.6874341+05:30","@version":"1","message":"Exposing 3 endpoints beneath base path '/actuator'","logger_name":"org.springframework.boot.actuate.endpoint.web.EndpointLinksResolver","thread_name":"main","level":"INFO","level_value":20000,"tags":["COMMONS-LOGGING"]}
{"@timestamp":"2026-09-15T16:32:58.7271747+05:30","@version":"1","message":"Starting ProtocolHandler [\"http-nio-8082\"]","logger_name":"org.apache.coyote.http11.Http11NioProtocol","thread_name":"main","level":"INFO","level_value":20000}
{"@timestamp":"2026-09-15T16:32:58.7441722+05:30","@version":"1","message":"Tomcat started on port 8082 (http) with context path '/'","logger_name":"org.springframework.boot.tomcat.TomcatWebServer","thread_name":"main","level":"INFO","level_value":20000,"tags":["COMMONS-LOGGING"]}
{"@timestamp":"2026-09-15T16:32:58.7501762+05:30","@version":"1","message":"Started SpringBootLoggingDemoApplication in 3.011 seconds (process running for 3.678)","logger_name":"com.example.loggingdemo.SpringBootLoggingDemoApplication","thread_name":"main","level":"INFO","level_value":20000,"tags":["COMMONS-LOGGING"]}
{"@timestamp":"2026-09-15T16:34:21.2990881+05:30","@version":"1","message":"Initializing Spring DispatcherServlet 'dispatcherServlet'","logger_name":"org.apache.catalina.core.ContainerBase.[Tomcat].[localhost].[/]","thread_name":"http-nio-8082-exec-1","level":"INFO","level_value":20000}
{"@timestamp":"2026-09-15T16:34:21.3000873+05:30","@version":"1","message":"Initializing Servlet 'dispatcherServlet'","logger_name":"org.springframework.web.servlet.DispatcherServlet","thread_name":"http-nio-8082-exec-1","level":"INFO","level_value":20000,"tags":["COMMONS-LOGGING"]}
{"@timestamp":"2026-09-15T16:34:21.3020819+05:30","@version":"1","message":"Completed initialization in 2 ms","logger_name":"org.springframework.web.servlet.DispatcherServlet","thread_name":"http-nio-8082-exec-1","level":"INFO","level_value":20000,"tags":["COMMONS-LOGGING"]}
{"@timestamp":"2026-09-15T17:58:35.6731831+05:30","@version":"1","message":"Commencing graceful shutdown. Waiting for active requests to complete","logger_name":"org.springframework.boot.tomcat.GracefulShutdown","thread_name":"SpringApplicationShutdownHook","level":"INFO","level_value":20000,"tags":["COMMONS-LOGGING"]}
{"@timestamp":"2026-09-15T17:58:35.6845523+05:30","@version":"1","message":"Graceful shutdown complete","logger_name":"org.springframework.boot.tomcat.GracefulShutdown","thread_name":"tomcat-shutdown","level":"INFO","level_value":20000,"tags":["COMMONS-LOGGING"]}
{"@timestamp":"2026-09-15T18:21:44.7537824+05:30","@version":"1","message":"Starting SpringBootLoggingDemoApplication using Java 26.0.1 with PID 13544 (C:\\Users\\User\\Documents\\java_project\\logging_monitoring\\spring-boot-logging-demo\\target\\classes started by User in C:\\Users\\User\\Documents\\java_project\\logging_monitoring\\spring-boot-logging-demo)","logger_name":"com.example.loggingdemo.SpringBootLoggingDemoApplication","thread_name":"main","level":"INFO","level_value":20000,"tags":["COMMONS-LOGGING"]}
{"@timestamp":"2026-09-15T18:21:44.7713991+05:30","@version":"1","message":"Running with Spring Boot v4.1.1, Spring v7.0.9","logger_name":"com.example.loggingdemo.SpringBootLoggingDemoApplication","thread_name":"main","level":"DEBUG","level_value":10000,"tags":["COMMONS-LOGGING"]}
{"@timestamp":"2026-09-15T18:21:44.7724004+05:30","@version":"1","message":"No active profile set, falling back to 1 default profile: \"default\"","logger_name":"com.example.loggingdemo.SpringBootLoggingDemoApplication","thread_name":"main","level":"INFO","level_value":20000,"tags":["COMMONS-LOGGING"]}
{"@timestamp":"2026-09-15T18:21:46.5472083+05:30","@version":"1","message":"Tomcat initialized with port 8082 (http)","logger_name":"org.springframework.boot.tomcat.TomcatWebServer","thread_name":"main","level":"INFO","level_value":20000,"tags":["COMMONS-LOGGING"]}
{"@timestamp":"2026-09-15T18:21:46.5685922+05:30","@version":"1","message":"Initializing ProtocolHandler [\"http-nio-8082\"]","logger_name":"org.apache.coyote.http11.Http11NioProtocol","thread_name":"main","level":"INFO","level_value":20000}
{"@timestamp":"2026-09-15T18:21:46.5715479+05:30","@version":"1","message":"Starting service [Tomcat]","logger_name":"org.apache.catalina.core.StandardService","thread_name":"main","level":"INFO","level_value":20000}
{"@timestamp":"2026-09-15T18:21:46.5725467+05:30","@version":"1","message":"Starting Servlet engine: [Apache Tomcat/11.0.24]","logger_name":"org.apache.catalina.core.StandardEngine","thread_name":"main","level":"INFO","level_value":20000}
{"@timestamp":"2026-09-15T18:21:46.6538995+05:30","@version":"1","message":"Root WebApplicationContext: initialization completed in 1815 ms","logger_name":"org.springframework.boot.web.context.servlet.WebApplicationContextInitializer","thread_name":"main","level":"INFO","level_value":20000,"tags":["COMMONS-LOGGING"]}
{"@timestamp":"2026-09-15T18:21:46.848743+05:30","@version":"1","message":"Filter 'correlationIdFilter' configured for use","logger_name":"com.example.loggingdemo.filter.CorrelationIdFilter","thread_name":"main","level":"DEBUG","level_value":10000,"tags":["COMMONS-LOGGING"]}
{"@timestamp":"2026-09-15T18:21:47.3135068+05:30","@version":"1","message":"Exposing 3 endpoints beneath base path '/actuator'","logger_name":"org.springframework.boot.actuate.endpoint.web.EndpointLinksResolver","thread_name":"main","level":"INFO","level_value":20000,"tags":["COMMONS-LOGGING"]}
{"@timestamp":"2026-09-15T18:21:47.3624256+05:30","@version":"1","message":"Starting ProtocolHandler [\"http-nio-8082\"]","logger_name":"org.apache.coyote.http11.Http11NioProtocol","thread_name":"main","level":"INFO","level_value":20000}
{"@timestamp":"2026-09-15T18:21:47.3791686+05:30","@version":"1","message":"Tomcat started on port 8082 (http) with context path '/'","logger_name":"org.springframework.boot.tomcat.TomcatWebServer","thread_name":"main","level":"INFO","level_value":20000,"tags":["COMMONS-LOGGING"]}
{"@timestamp":"2026-09-15T18:21:47.3851719+05:30","@version":"1","message":"Started SpringBootLoggingDemoApplication in 3.587 seconds (process running for 4.527)","logger_name":"com.example.loggingdemo.SpringBootLoggingDemoApplication","thread_name":"main","level":"INFO","level_value":20000,"tags":["COMMONS-LOGGING"]}
{"@timestamp":"2026-09-15T18:21:54.5892226+05:30","@version":"1","message":"Initializing Spring DispatcherServlet 'dispatcherServlet'","logger_name":"org.apache.catalina.core.ContainerBase.[Tomcat].[localhost].[/]","thread_name":"http-nio-8082-exec-1","level":"INFO","level_value":20000}
{"@timestamp":"2026-09-15T18:21:54.5902233+05:30","@version":"1","message":"Initializing Servlet 'dispatcherServlet'","logger_name":"org.springframework.web.servlet.DispatcherServlet","thread_name":"http-nio-8082-exec-1","level":"INFO","level_value":20000,"tags":["COMMONS-LOGGING"]}
{"@timestamp":"2026-09-15T18:21:54.592222+05:30","@version":"1","message":"Completed initialization in 2 ms","logger_name":"org.springframework.web.servlet.DispatcherServlet","thread_name":"http-nio-8082-exec-1","level":"INFO","level_value":20000,"tags":["COMMONS-LOGGING"]}
{"@timestamp":"2026-09-15T18:35:02.8146721+05:30","@version":"1","message":"Commencing graceful shutdown. Waiting for active requests to complete","logger_name":"org.springframework.boot.tomcat.GracefulShutdown","thread_name":"SpringApplicationShutdownHook","level":"INFO","level_value":20000,"tags":["COMMONS-LOGGING"]}
{"@timestamp":"2026-09-15T18:35:02.8309363+05:30","@version":"1","message":"Graceful shutdown complete","logger_name":"org.springframework.boot.tomcat.GracefulShutdown","thread_name":"tomcat-shutdown","level":"INFO","level_value":20000,"tags":["COMMONS-LOGGING"]}
{"@timestamp":"2026-09-15T18:35:31.1886986+05:30","@version":"1","message":"Starting SpringBootLoggingDemoApplication using Java 26.0.1 with PID 10844 (C:\\Users\\User\\Documents\\java_project\\logging_monitoring\\spring-boot-logging-demo\\target\\classes started by User in C:\\Users\\User\\Documents\\java_project\\logging_monitoring\\spring-boot-logging-demo)","logger_name":"com.example.loggingdemo.SpringBootLoggingDemoApplication","thread_name":"main","level":"INFO","level_value":20000,"tags":["COMMONS-LOGGING"]}
{"@timestamp":"2026-09-15T18:35:31.2459234+05:30","@version":"1","message":"Running with Spring Boot v4.1.1, Spring v7.0.9","logger_name":"com.example.loggingdemo.SpringBootLoggingDemoApplication","thread_name":"main","level":"DEBUG","level_value":10000,"tags":["COMMONS-LOGGING"]}
{"@timestamp":"2026-09-15T18:35:31.2524246+05:30","@version":"1","message":"No active profile set, falling back to 1 default profile: \"default\"","logger_name":"com.example.loggingdemo.SpringBootLoggingDemoApplication","thread_name":"main","level":"INFO","level_value":20000,"tags":["COMMONS-LOGGING"]}
{"@timestamp":"2026-09-15T18:35:34.5300312+05:30","@version":"1","message":"Tomcat initialized with port 8082 (http)","logger_name":"org.springframework.boot.tomcat.TomcatWebServer","thread_name":"main","level":"INFO","level_value":20000,"tags":["COMMONS-LOGGING"]}
{"@timestamp":"2026-09-15T18:35:34.5540767+05:30","@version":"1","message":"Initializing ProtocolHandler [\"http-nio-8082\"]","logger_name":"org.apache.coyote.http11.Http11NioProtocol","thread_name":"main","level":"INFO","level_value":20000}
{"@timestamp":"2026-09-15T18:35:34.5804109+05:30","@version":"1","message":"Starting service [Tomcat]","logger_name":"org.apache.catalina.core.StandardService","thread_name":"main","level":"INFO","level_value":20000}
{"@timestamp":"2026-09-15T18:35:34.5817136+05:30","@version":"1","message":"Starting Servlet engine: [Apache Tomcat/11.0.24]","logger_name":"org.apache.catalina.core.StandardEngine","thread_name":"main","level":"INFO","level_value":20000}
{"@timestamp":"2026-09-15T18:35:34.8218689+05:30","@version":"1","message":"Root WebApplicationContext: initialization completed in 3391 ms","logger_name":"org.springframework.boot.web.context.servlet.WebApplicationContextInitializer","thread_name":"main","level":"INFO","level_value":20000,"tags":["COMMONS-LOGGING"]}
{"@timestamp":"2026-09-15T18:35:35.3824591+05:30","@version":"1","message":"Filter 'correlationIdFilter' configured for use","logger_name":"com.example.loggingdemo.filter.CorrelationIdFilter","thread_name":"main","level":"DEBUG","level_value":10000,"tags":["COMMONS-LOGGING"]}
{"@timestamp":"2026-09-15T18:35:36.2535433+05:30","@version":"1","message":"Exposing 3 endpoints beneath base path '/actuator'","logger_name":"org.springframework.boot.actuate.endpoint.web.EndpointLinksResolver","thread_name":"main","level":"INFO","level_value":20000,"tags":["COMMONS-LOGGING"]}
{"@timestamp":"2026-09-15T18:35:36.4711574+05:30","@version":"1","message":"Starting ProtocolHandler [\"http-nio-8082\"]","logger_name":"org.apache.coyote.http11.Http11NioProtocol","thread_name":"main","level":"INFO","level_value":20000}
{"@timestamp":"2026-09-15T18:35:36.5227367+05:30","@version":"1","message":"Tomcat started on port 8082 (http) with context path '/'","logger_name":"org.springframework.boot.tomcat.TomcatWebServer","thread_name":"main","level":"INFO","level_value":20000,"tags":["COMMONS-LOGGING"]}
{"@timestamp":"2026-09-15T18:35:36.5337596+05:30","@version":"1","message":"Started SpringBootLoggingDemoApplication in 8.613 seconds (process running for 10.215)","logger_name":"com.example.loggingdemo.SpringBootLoggingDemoApplication","thread_name":"main","level":"INFO","level_value":20000,"tags":["COMMONS-LOGGING"]}
{"@timestamp":"2026-09-15T18:35:43.6499692+05:30","@version":"1","message":"Initializing Spring DispatcherServlet 'dispatcherServlet'","logger_name":"org.apache.catalina.core.ContainerBase.[Tomcat].[localhost].[/]","thread_name":"http-nio-8082-exec-1","level":"INFO","level_value":20000}
{"@timestamp":"2026-09-15T18:35:43.6514895+05:30","@version":"1","message":"Initializing Servlet 'dispatcherServlet'","logger_name":"org.springframework.web.servlet.DispatcherServlet","thread_name":"http-nio-8082-exec-1","level":"INFO","level_value":20000,"tags":["COMMONS-LOGGING"]}
{"@timestamp":"2026-09-15T18:35:43.6534347+05:30","@version":"1","message":"Completed initialization in 2 ms","logger_name":"org.springframework.web.servlet.DispatcherServlet","thread_name":"http-nio-8082-exec-1","level":"INFO","level_value":20000,"tags":["COMMONS-LOGGING"]}
{"@timestamp":"2026-09-15T18:36:30.0227638+05:30","@version":"1","message":"Commencing graceful shutdown. Waiting for active requests to complete","logger_name":"org.springframework.boot.tomcat.GracefulShutdown","thread_name":"SpringApplicationShutdownHook","level":"INFO","level_value":20000,"tags":["COMMONS-LOGGING"]}
{"@timestamp":"2026-09-15T18:36:30.0384182+05:30","@version":"1","message":"Graceful shutdown complete","logger_name":"org.springframework.boot.tomcat.GracefulShutdown","thread_name":"tomcat-shutdown","level":"INFO","level_value":20000,"tags":["COMMONS-LOGGING"]}
{"@timestamp":"2026-09-15T18:36:39.2239787+05:30","@version":"1","message":"Starting SpringBootLoggingDemoApplication using Java 26.0.1 with PID 26476 (C:\\Users\\User\\Documents\\java_project\\logging_monitoring\\spring-boot-logging-demo\\target\\classes started by User in C:\\Users\\User\\Documents\\java_project\\logging_monitoring\\spring-boot-logging-demo)","logger_name":"com.example.loggingdemo.SpringBootLoggingDemoApplication","thread_name":"main","level":"INFO","level_value":20000,"tags":["COMMONS-LOGGING"]}
{"@timestamp":"2026-09-15T18:36:39.2504098+05:30","@version":"1","message":"Running with Spring Boot v4.1.1, Spring v7.0.9","logger_name":"com.example.loggingdemo.SpringBootLoggingDemoApplication","thread_name":"main","level":"DEBUG","level_value":10000,"tags":["COMMONS-LOGGING"]}
{"@timestamp":"2026-09-15T18:36:39.2519791+05:30","@version":"1","message":"No active profile set, falling back to 1 default profile: \"default\"","logger_name":"com.example.loggingdemo.SpringBootLoggingDemoApplication","thread_name":"main","level":"INFO","level_value":20000,"tags":["COMMONS-LOGGING"]}
{"@timestamp":"2026-09-15T18:36:41.5468377+05:30","@version":"1","message":"Tomcat initialized with port 8082 (http)","logger_name":"org.springframework.boot.tomcat.TomcatWebServer","thread_name":"main","level":"INFO","level_value":20000,"tags":["COMMONS-LOGGING"]}
{"@timestamp":"2026-09-15T18:36:41.5695129+05:30","@version":"1","message":"Initializing ProtocolHandler [\"http-nio-8082\"]","logger_name":"org.apache.coyote.http11.Http11NioProtocol","thread_name":"main","level":"INFO","level_value":20000}
{"@timestamp":"2026-09-15T18:36:41.5772324+05:30","@version":"1","message":"Starting service [Tomcat]","logger_name":"org.apache.catalina.core.StandardService","thread_name":"main","level":"INFO","level_value":20000}
{"@timestamp":"2026-09-15T18:36:41.5797213+05:30","@version":"1","message":"Starting Servlet engine: [Apache Tomcat/11.0.24]","logger_name":"org.apache.catalina.core.StandardEngine","thread_name":"main","level":"INFO","level_value":20000}
{"@timestamp":"2026-09-15T18:36:41.7039512+05:30","@version":"1","message":"Root WebApplicationContext: initialization completed in 2337 ms","logger_name":"org.springframework.boot.web.context.servlet.WebApplicationContextInitializer","thread_name":"main","level":"INFO","level_value":20000,"tags":["COMMONS-LOGGING"]}
{"@timestamp":"2026-09-15T18:36:42.0455865+05:30","@version":"1","message":"Filter 'correlationIdFilter' configured for use","logger_name":"com.example.loggingdemo.filter.CorrelationIdFilter","thread_name":"main","level":"DEBUG","level_value":10000,"tags":["COMMONS-LOGGING"]}
{"@timestamp":"2026-09-15T18:36:43.6663602+05:30","@version":"1","message":"Exposing 3 endpoints beneath base path '/actuator'","logger_name":"org.springframework.boot.actuate.endpoint.web.EndpointLinksResolver","thread_name":"main","level":"INFO","level_value":20000,"tags":["COMMONS-LOGGING"]}
{"@timestamp":"2026-09-15T18:36:43.7344688+05:30","@version":"1","message":"Starting ProtocolHandler [\"http-nio-8082\"]","logger_name":"org.apache.coyote.http11.Http11NioProtocol","thread_name":"main","level":"INFO","level_value":20000}
{"@timestamp":"2026-09-15T18:36:43.766421+05:30","@version":"1","message":"Tomcat started on port 8082 (http) with context path '/'","logger_name":"org.springframework.boot.tomcat.TomcatWebServer","thread_name":"main","level":"INFO","level_value":20000,"tags":["COMMONS-LOGGING"]}
{"@timestamp":"2026-09-15T18:36:43.7852039+05:30","@version":"1","message":"Started SpringBootLoggingDemoApplication in 6.263 seconds (process running for 7.587)","logger_name":"com.example.loggingdemo.SpringBootLoggingDemoApplication","thread_name":"main","level":"INFO","level_value":20000,"tags":["COMMONS-LOGGING"]}
{"@timestamp":"2026-09-15T18:36:49.5525207+05:30","@version":"1","message":"Initializing Spring DispatcherServlet 'dispatcherServlet'","logger_name":"org.apache.catalina.core.ContainerBase.[Tomcat].[localhost].[/]","thread_name":"http-nio-8082-exec-2","level":"INFO","level_value":20000}
{"@timestamp":"2026-09-15T18:36:49.5525207+05:30","@version":"1","message":"Initializing Servlet 'dispatcherServlet'","logger_name":"org.springframework.web.servlet.DispatcherServlet","thread_name":"http-nio-8082-exec-2","level":"INFO","level_value":20000,"tags":["COMMONS-LOGGING"]}
{"@timestamp":"2026-09-15T18:36:49.555536+05:30","@version":"1","message":"Completed initialization in 1 ms","logger_name":"org.springframework.web.servlet.DispatcherServlet","thread_name":"http-nio-8082-exec-2","level":"INFO","level_value":20000,"tags":["COMMONS-LOGGING"]}
{"@timestamp":"2026-09-15T18:39:56.4824627+05:30","@version":"1","message":"Commencing graceful shutdown. Waiting for active requests to complete","logger_name":"org.springframework.boot.tomcat.GracefulShutdown","thread_name":"SpringApplicationShutdownHook","level":"INFO","level_value":20000,"tags":["COMMONS-LOGGING"]}
{"@timestamp":"2026-09-15T18:39:56.4941168+05:30","@version":"1","message":"Graceful shutdown complete","logger_name":"org.springframework.boot.tomcat.GracefulShutdown","thread_name":"tomcat-shutdown","level":"INFO","level_value":20000,"tags":["COMMONS-LOGGING"]}
